// Jest Snapshot v1, https://goo.gl/fbAQLP

exports[`Page Spinner Component renders 1`] = `
<Fragment>
  <Box
    inline={false}
    style={
      Object {
        "display": "flex",
        "left": "calc(50% - 50px)",
        "position": "fixed",
        "top": "calc(50% - 50px)",
      }
    }
    tag="div"
  >
    <Spinner
      a11yLabel="A spinner is active. Please wait while the page completes a task."
      dangerouslyHideVisibleLabel={false}
      fullScreen={false}
      inline={false}
      label=""
      size="large"
      spinning={true}
      variant="primary"
    />
  </Box>
  <Box
    inline={false}
    style={
      Object {
        "display": "none",
      }
    }
    tag="div"
  >
    <div>
      Children
    </div>
  </Box>
</Fragment>
`;
