// Jest Snapshot v1, https://goo.gl/fbAQLP

exports[`Error Component renders 1`] = `
<Box
  inline={false}
  style={
    Object {
      "alignItems": "flex-start",
      "display": "flex",
      "flexDirection": "column",
      "height": "70vh",
      "justifyContent": "flex-start",
      "padding": "0 1rem",
      "width": "100vw",
    }
  }
  tag="div"
>
  <style__Heading
    level="h1"
  >
    Sorry, page is unavailable
  </style__Heading>
  <style__Text
    size="large"
    style={
      Object {
        "marginTop": "1rem",
      }
    }
  >
    Account details are not available if your account is suspended or your services are disconnected. Please select a different account.
  </style__Text>
  <style__Box
    vertical={4}
  >
    <ChevronLink
      direction="left"
      href="/my-telus/overview"
      reactRouterLinkComponent={null}
      to={null}
      variant="secondary"
    >
      Back to Overview
    </ChevronLink>
  </style__Box>
</Box>
`;
