// Jest Snapshot v1, https://goo.gl/fbAQLP

exports[`Card Selector Component renders 1`] = `
<Fragment>
  <CardSelectorstyle__CardBox
    between={3}
    vertical={3}
  >
    <Heading
      data-test="card-selector-account-title"
      invert={false}
      level="h3"
    >
      Or, select your account number from the options below.
    </Heading>
  </CardSelectorstyle__CardBox>
  <Pagination
    copy="en"
  >
    <Panel
      key="accounts-panel-0"
    >
      <CardSelectorstyle__CardBox>
        <CardSelectorstyle__Row
          key="account-0"
        >
          <CardSelectorstyle__Col
            key="account-0-0"
            lg={5}
            md={6}
            xl={4}
            xs={12}
          >
            <CardSelectorstyle__PaddedDiv
              leftPad={false}
              rightPad={true}
            >
              <CardSelectorstyle__CardSelectorContainer
                data-test="card-selector-container"
                onClick={[Function]}
              >
                <CardSelectorstyle__CardBox
                  inset={2}
                >
                  <CardSelectorstyle__CardBox>
                    <CardSelectorstyle__Text
                      data-di-mask="true"
                      size="medium"
                    />
                    <CardSelectorstyle__Text
                      data-di-mask="true"
                      size="medium"
                    >
                      28986434
                    </CardSelectorstyle__Text>
                  </CardSelectorstyle__CardBox>
                  <CardSelectorstyle__CardSelectorIconContainer>
                    <DecorativeIcon
                      size={24}
                      symbol="chevron"
                      variant="secondary"
                    />
                  </CardSelectorstyle__CardSelectorIconContainer>
                </CardSelectorstyle__CardBox>
              </CardSelectorstyle__CardSelectorContainer>
            </CardSelectorstyle__PaddedDiv>
          </CardSelectorstyle__Col>
          <CardSelectorstyle__Col
            key="account-0-1"
            lg={5}
            md={6}
            xl={4}
            xs={12}
          >
            <CardSelectorstyle__PaddedDiv
              leftPad={true}
              rightPad={false}
            >
              <CardSelectorstyle__CardSelectorContainer
                data-test="card-selector-container"
                onClick={[Function]}
              >
                <CardSelectorstyle__CardBox
                  inset={2}
                >
                  <CardSelectorstyle__CardBox>
                    <CardSelectorstyle__Text
                      data-di-mask="true"
                      size="medium"
                    />
                    <CardSelectorstyle__Text
                      data-di-mask="true"
                      size="medium"
                    >
                      28986434
                    </CardSelectorstyle__Text>
                  </CardSelectorstyle__CardBox>
                  <CardSelectorstyle__CardSelectorIconContainer>
                    <DecorativeIcon
                      size={24}
                      symbol="chevron"
                      variant="secondary"
                    />
                  </CardSelectorstyle__CardSelectorIconContainer>
                </CardSelectorstyle__CardBox>
              </CardSelectorstyle__CardSelectorContainer>
            </CardSelectorstyle__PaddedDiv>
          </CardSelectorstyle__Col>
        </CardSelectorstyle__Row>
        <CardSelectorstyle__Row
          key="account-1"
        >
          <CardSelectorstyle__Col
            key="account-1-0"
            lg={5}
            md={6}
            xl={4}
            xs={12}
          >
            <CardSelectorstyle__PaddedDiv
              leftPad={false}
              rightPad={true}
            >
              <CardSelectorstyle__CardSelectorContainer
                data-test="card-selector-container"
                onClick={[Function]}
              >
                <CardSelectorstyle__CardBox
                  inset={2}
                >
                  <CardSelectorstyle__CardBox>
                    <CardSelectorstyle__Text
                      data-di-mask="true"
                      size="medium"
                    />
                    <CardSelectorstyle__Text
                      data-di-mask="true"
                      size="medium"
                    >
                      28986434
                    </CardSelectorstyle__Text>
                  </CardSelectorstyle__CardBox>
                  <CardSelectorstyle__CardSelectorIconContainer>
                    <DecorativeIcon
                      size={24}
                      symbol="chevron"
                      variant="secondary"
                    />
                  </CardSelectorstyle__CardSelectorIconContainer>
                </CardSelectorstyle__CardBox>
              </CardSelectorstyle__CardSelectorContainer>
            </CardSelectorstyle__PaddedDiv>
          </CardSelectorstyle__Col>
          <CardSelectorstyle__Col
            key="account-1-1"
            lg={5}
            md={6}
            xl={4}
            xs={12}
          >
            <CardSelectorstyle__PaddedDiv
              leftPad={true}
              rightPad={false}
            >
              <CardSelectorstyle__CardSelectorContainer
                data-test="card-selector-container"
                onClick={[Function]}
              >
                <CardSelectorstyle__CardBox
                  inset={2}
                >
                  <CardSelectorstyle__CardBox>
                    <CardSelectorstyle__Text
                      data-di-mask="true"
                      size="medium"
                    />
                    <CardSelectorstyle__Text
                      data-di-mask="true"
                      size="medium"
                    >
                      28986434
                    </CardSelectorstyle__Text>
                  </CardSelectorstyle__CardBox>
                  <CardSelectorstyle__CardSelectorIconContainer>
                    <DecorativeIcon
                      size={24}
                      symbol="chevron"
                      variant="secondary"
                    />
                  </CardSelectorstyle__CardSelectorIconContainer>
                </CardSelectorstyle__CardBox>
              </CardSelectorstyle__CardSelectorContainer>
            </CardSelectorstyle__PaddedDiv>
          </CardSelectorstyle__Col>
        </CardSelectorstyle__Row>
        <CardSelectorstyle__Row
          key="account-2"
        >
          <CardSelectorstyle__Col
            key="account-2-0"
            lg={5}
            md={6}
            xl={4}
            xs={12}
          >
            <CardSelectorstyle__PaddedDiv
              leftPad={false}
              rightPad={true}
            >
              <CardSelectorstyle__CardSelectorContainer
                data-test="card-selector-container"
                onClick={[Function]}
              >
                <CardSelectorstyle__CardBox
                  inset={2}
                >
                  <CardSelectorstyle__CardBox>
                    <CardSelectorstyle__Text
                      data-di-mask="true"
                      size="medium"
                    />
                    <CardSelectorstyle__Text
                      data-di-mask="true"
                      size="medium"
                    >
                      28986434
                    </CardSelectorstyle__Text>
                  </CardSelectorstyle__CardBox>
                  <CardSelectorstyle__CardSelectorIconContainer>
                    <DecorativeIcon
                      size={24}
                      symbol="chevron"
                      variant="secondary"
                    />
                  </CardSelectorstyle__CardSelectorIconContainer>
                </CardSelectorstyle__CardBox>
              </CardSelectorstyle__CardSelectorContainer>
            </CardSelectorstyle__PaddedDiv>
          </CardSelectorstyle__Col>
          <CardSelectorstyle__Col
            key="account-2-1"
            lg={5}
            md={6}
            xl={4}
            xs={12}
          >
            <CardSelectorstyle__PaddedDiv
              leftPad={true}
              rightPad={false}
            >
              <CardSelectorstyle__CardSelectorContainer
                data-test="card-selector-container"
                onClick={[Function]}
              >
                <CardSelectorstyle__CardBox
                  inset={2}
                >
                  <CardSelectorstyle__CardBox>
                    <CardSelectorstyle__Text
                      data-di-mask="true"
                      size="medium"
                    />
                    <CardSelectorstyle__Text
                      data-di-mask="true"
                      size="medium"
                    >
                      28986434
                    </CardSelectorstyle__Text>
                  </CardSelectorstyle__CardBox>
                  <CardSelectorstyle__CardSelectorIconContainer>
                    <DecorativeIcon
                      size={24}
                      symbol="chevron"
                      variant="secondary"
                    />
                  </CardSelectorstyle__CardSelectorIconContainer>
                </CardSelectorstyle__CardBox>
              </CardSelectorstyle__CardSelectorContainer>
            </CardSelectorstyle__PaddedDiv>
          </CardSelectorstyle__Col>
        </CardSelectorstyle__Row>
        <CardSelectorstyle__Row
          key="account-3"
        >
          <CardSelectorstyle__Col
            key="account-3-0"
            lg={5}
            md={6}
            xl={4}
            xs={12}
          >
            <CardSelectorstyle__PaddedDiv
              leftPad={false}
              rightPad={true}
            >
              <CardSelectorstyle__CardSelectorContainer
                data-test="card-selector-container"
                onClick={[Function]}
              >
                <CardSelectorstyle__CardBox
                  inset={2}
                >
                  <CardSelectorstyle__CardBox>
                    <CardSelectorstyle__Text
                      data-di-mask="true"
                      size="medium"
                    />
                    <CardSelectorstyle__Text
                      data-di-mask="true"
                      size="medium"
                    >
                      28986434
                    </CardSelectorstyle__Text>
                  </CardSelectorstyle__CardBox>
                  <CardSelectorstyle__CardSelectorIconContainer>
                    <DecorativeIcon
                      size={24}
                      symbol="chevron"
                      variant="secondary"
                    />
                  </CardSelectorstyle__CardSelectorIconContainer>
                </CardSelectorstyle__CardBox>
              </CardSelectorstyle__CardSelectorContainer>
            </CardSelectorstyle__PaddedDiv>
          </CardSelectorstyle__Col>
          <CardSelectorstyle__Col
            key="account-3-1"
            lg={5}
            md={6}
            xl={4}
            xs={12}
          >
            <CardSelectorstyle__PaddedDiv
              leftPad={true}
              rightPad={false}
            >
              <CardSelectorstyle__CardSelectorContainer
                data-test="card-selector-container"
                onClick={[Function]}
              >
                <CardSelectorstyle__CardBox
                  inset={2}
                >
                  <CardSelectorstyle__CardBox>
                    <CardSelectorstyle__Text
                      data-di-mask="true"
                      size="medium"
                    />
                    <CardSelectorstyle__Text
                      data-di-mask="true"
                      size="medium"
                    >
                      28986434
                    </CardSelectorstyle__Text>
                  </CardSelectorstyle__CardBox>
                  <CardSelectorstyle__CardSelectorIconContainer>
                    <DecorativeIcon
                      size={24}
                      symbol="chevron"
                      variant="secondary"
                    />
                  </CardSelectorstyle__CardSelectorIconContainer>
                </CardSelectorstyle__CardBox>
              </CardSelectorstyle__CardSelectorContainer>
            </CardSelectorstyle__PaddedDiv>
          </CardSelectorstyle__Col>
        </CardSelectorstyle__Row>
        <CardSelectorstyle__Row
          key="account-4"
        >
          <CardSelectorstyle__Col
            key="account-4-0"
            lg={5}
            md={6}
            xl={4}
            xs={12}
          >
            <CardSelectorstyle__PaddedDiv
              leftPad={false}
              rightPad={true}
            >
              <CardSelectorstyle__CardSelectorContainer
                data-test="card-selector-container"
                onClick={[Function]}
              >
                <CardSelectorstyle__CardBox
                  inset={2}
                >
                  <CardSelectorstyle__CardBox>
                    <CardSelectorstyle__Text
                      data-di-mask="true"
                      size="medium"
                    />
                    <CardSelectorstyle__Text
                      data-di-mask="true"
                      size="medium"
                    >
                      28986434
                    </CardSelectorstyle__Text>
                  </CardSelectorstyle__CardBox>
                  <CardSelectorstyle__CardSelectorIconContainer>
                    <DecorativeIcon
                      size={24}
                      symbol="chevron"
                      variant="secondary"
                    />
                  </CardSelectorstyle__CardSelectorIconContainer>
                </CardSelectorstyle__CardBox>
              </CardSelectorstyle__CardSelectorContainer>
            </CardSelectorstyle__PaddedDiv>
          </CardSelectorstyle__Col>
          <CardSelectorstyle__Col
            key="account-4-1"
            lg={5}
            md={6}
            xl={4}
            xs={12}
          >
            <CardSelectorstyle__PaddedDiv
              leftPad={true}
              rightPad={false}
            >
              <CardSelectorstyle__CardSelectorContainer
                data-test="card-selector-container"
                onClick={[Function]}
              >
                <CardSelectorstyle__CardBox
                  inset={2}
                >
                  <CardSelectorstyle__CardBox>
                    <CardSelectorstyle__Text
                      data-di-mask="true"
                      size="medium"
                    />
                    <CardSelectorstyle__Text
                      data-di-mask="true"
                      size="medium"
                    >
                      28986434
                    </CardSelectorstyle__Text>
                  </CardSelectorstyle__CardBox>
                  <CardSelectorstyle__CardSelectorIconContainer>
                    <DecorativeIcon
                      size={24}
                      symbol="chevron"
                      variant="secondary"
                    />
                  </CardSelectorstyle__CardSelectorIconContainer>
                </CardSelectorstyle__CardBox>
              </CardSelectorstyle__CardSelectorContainer>
            </CardSelectorstyle__PaddedDiv>
          </CardSelectorstyle__Col>
        </CardSelectorstyle__Row>
      </CardSelectorstyle__CardBox>
    </Panel>
    <Panel
      key="accounts-panel-1"
    >
      <CardSelectorstyle__CardBox>
        <CardSelectorstyle__Row
          key="account-5"
        >
          <CardSelectorstyle__Col
            key="account-5-0"
            lg={5}
            md={6}
            xl={4}
            xs={12}
          >
            <CardSelectorstyle__PaddedDiv
              leftPad={false}
              rightPad={true}
            >
              <CardSelectorstyle__CardSelectorContainer
                data-test="card-selector-container"
                onClick={[Function]}
              >
                <CardSelectorstyle__CardBox
                  inset={2}
                >
                  <CardSelectorstyle__CardBox>
                    <CardSelectorstyle__Text
                      data-di-mask="true"
                      size="medium"
                    />
                    <CardSelectorstyle__Text
                      data-di-mask="true"
                      size="medium"
                    >
                      28986434
                    </CardSelectorstyle__Text>
                  </CardSelectorstyle__CardBox>
                  <CardSelectorstyle__CardSelectorIconContainer>
                    <DecorativeIcon
                      size={24}
                      symbol="chevron"
                      variant="secondary"
                    />
                  </CardSelectorstyle__CardSelectorIconContainer>
                </CardSelectorstyle__CardBox>
              </CardSelectorstyle__CardSelectorContainer>
            </CardSelectorstyle__PaddedDiv>
          </CardSelectorstyle__Col>
          <CardSelectorstyle__Col
            key="account-5-1"
            lg={5}
            md={6}
            xl={4}
            xs={12}
          >
            <CardSelectorstyle__PaddedDiv
              leftPad={true}
              rightPad={false}
            >
              <CardSelectorstyle__CardSelectorContainer
                data-test="card-selector-container"
                onClick={[Function]}
              >
                <CardSelectorstyle__CardBox
                  inset={2}
                >
                  <CardSelectorstyle__CardBox>
                    <CardSelectorstyle__Text
                      data-di-mask="true"
                      size="medium"
                    />
                    <CardSelectorstyle__Text
                      data-di-mask="true"
                      size="medium"
                    >
                      28986434
                    </CardSelectorstyle__Text>
                  </CardSelectorstyle__CardBox>
                  <CardSelectorstyle__CardSelectorIconContainer>
                    <DecorativeIcon
                      size={24}
                      symbol="chevron"
                      variant="secondary"
                    />
                  </CardSelectorstyle__CardSelectorIconContainer>
                </CardSelectorstyle__CardBox>
              </CardSelectorstyle__CardSelectorContainer>
            </CardSelectorstyle__PaddedDiv>
          </CardSelectorstyle__Col>
        </CardSelectorstyle__Row>
        <CardSelectorstyle__Row
          key="account-6"
        >
          <CardSelectorstyle__Col
            key="account-6-0"
            lg={5}
            md={6}
            xl={4}
            xs={12}
          >
            <CardSelectorstyle__PaddedDiv
              leftPad={false}
              rightPad={true}
            >
              <CardSelectorstyle__CardSelectorContainer
                data-test="card-selector-container"
                onClick={[Function]}
              >
                <CardSelectorstyle__CardBox
                  inset={2}
                >
                  <CardSelectorstyle__CardBox>
                    <CardSelectorstyle__Text
                      data-di-mask="true"
                      size="medium"
                    />
                    <CardSelectorstyle__Text
                      data-di-mask="true"
                      size="medium"
                    >
                      28986434
                    </CardSelectorstyle__Text>
                  </CardSelectorstyle__CardBox>
                  <CardSelectorstyle__CardSelectorIconContainer>
                    <DecorativeIcon
                      size={24}
                      symbol="chevron"
                      variant="secondary"
                    />
                  </CardSelectorstyle__CardSelectorIconContainer>
                </CardSelectorstyle__CardBox>
              </CardSelectorstyle__CardSelectorContainer>
            </CardSelectorstyle__PaddedDiv>
          </CardSelectorstyle__Col>
          <CardSelectorstyle__Col
            key="account-6-1"
            lg={5}
            md={6}
            xl={4}
            xs={12}
          >
            <CardSelectorstyle__PaddedDiv
              leftPad={true}
              rightPad={false}
            >
              <CardSelectorstyle__CardSelectorContainer
                data-test="card-selector-container"
                onClick={[Function]}
              >
                <CardSelectorstyle__CardBox
                  inset={2}
                >
                  <CardSelectorstyle__CardBox>
                    <CardSelectorstyle__Text
                      data-di-mask="true"
                      size="medium"
                    />
                    <CardSelectorstyle__Text
                      data-di-mask="true"
                      size="medium"
                    >
                      28986434
                    </CardSelectorstyle__Text>
                  </CardSelectorstyle__CardBox>
                  <CardSelectorstyle__CardSelectorIconContainer>
                    <DecorativeIcon
                      size={24}
                      symbol="chevron"
                      variant="secondary"
                    />
                  </CardSelectorstyle__CardSelectorIconContainer>
                </CardSelectorstyle__CardBox>
              </CardSelectorstyle__CardSelectorContainer>
            </CardSelectorstyle__PaddedDiv>
          </CardSelectorstyle__Col>
        </CardSelectorstyle__Row>
        <CardSelectorstyle__Row
          key="account-7"
        >
          <CardSelectorstyle__Col
            key="account-7-0"
            lg={5}
            md={6}
            xl={4}
            xs={12}
          >
            <CardSelectorstyle__PaddedDiv
              leftPad={false}
              rightPad={true}
            >
              <CardSelectorstyle__CardSelectorContainer
                data-test="card-selector-container"
                onClick={[Function]}
              >
                <CardSelectorstyle__CardBox
                  inset={2}
                >
                  <CardSelectorstyle__CardBox>
                    <CardSelectorstyle__Text
                      data-di-mask="true"
                      size="medium"
                    />
                    <CardSelectorstyle__Text
                      data-di-mask="true"
                      size="medium"
                    >
                      28986434
                    </CardSelectorstyle__Text>
                  </CardSelectorstyle__CardBox>
                  <CardSelectorstyle__CardSelectorIconContainer>
                    <DecorativeIcon
                      size={24}
                      symbol="chevron"
                      variant="secondary"
                    />
                  </CardSelectorstyle__CardSelectorIconContainer>
                </CardSelectorstyle__CardBox>
              </CardSelectorstyle__CardSelectorContainer>
            </CardSelectorstyle__PaddedDiv>
          </CardSelectorstyle__Col>
          <CardSelectorstyle__Col
            key="account-7-1"
            lg={5}
            md={6}
            xl={4}
            xs={12}
          >
            <CardSelectorstyle__PaddedDiv
              leftPad={true}
              rightPad={false}
            >
              <CardSelectorstyle__CardSelectorContainer
                data-test="card-selector-container"
                onClick={[Function]}
              >
                <CardSelectorstyle__CardBox
                  inset={2}
                >
                  <CardSelectorstyle__CardBox>
                    <CardSelectorstyle__Text
                      data-di-mask="true"
                      size="medium"
                    />
                    <CardSelectorstyle__Text
                      data-di-mask="true"
                      size="medium"
                    >
                      28986434
                    </CardSelectorstyle__Text>
                  </CardSelectorstyle__CardBox>
                  <CardSelectorstyle__CardSelectorIconContainer>
                    <DecorativeIcon
                      size={24}
                      symbol="chevron"
                      variant="secondary"
                    />
                  </CardSelectorstyle__CardSelectorIconContainer>
                </CardSelectorstyle__CardBox>
              </CardSelectorstyle__CardSelectorContainer>
            </CardSelectorstyle__PaddedDiv>
          </CardSelectorstyle__Col>
        </CardSelectorstyle__Row>
        <CardSelectorstyle__Row
          key="account-8"
        >
          <CardSelectorstyle__Col
            key="account-8-0"
            lg={5}
            md={6}
            xl={4}
            xs={12}
          >
            <CardSelectorstyle__PaddedDiv
              leftPad={false}
              rightPad={true}
            >
              <CardSelectorstyle__CardSelectorContainer
                data-test="card-selector-container"
                onClick={[Function]}
              >
                <CardSelectorstyle__CardBox
                  inset={2}
                >
                  <CardSelectorstyle__CardBox>
                    <CardSelectorstyle__Text
                      data-di-mask="true"
                      size="medium"
                    />
                    <CardSelectorstyle__Text
                      data-di-mask="true"
                      size="medium"
                    >
                      28986434
                    </CardSelectorstyle__Text>
                  </CardSelectorstyle__CardBox>
                  <CardSelectorstyle__CardSelectorIconContainer>
                    <DecorativeIcon
                      size={24}
                      symbol="chevron"
                      variant="secondary"
                    />
                  </CardSelectorstyle__CardSelectorIconContainer>
                </CardSelectorstyle__CardBox>
              </CardSelectorstyle__CardSelectorContainer>
            </CardSelectorstyle__PaddedDiv>
          </CardSelectorstyle__Col>
          <CardSelectorstyle__Col
            key="account-8-1"
            lg={5}
            md={6}
            xl={4}
            xs={12}
          >
            <CardSelectorstyle__PaddedDiv
              leftPad={true}
              rightPad={false}
            >
              <CardSelectorstyle__CardSelectorContainer
                data-test="card-selector-container"
                onClick={[Function]}
              >
                <CardSelectorstyle__CardBox
                  inset={2}
                >
                  <CardSelectorstyle__CardBox>
                    <CardSelectorstyle__Text
                      data-di-mask="true"
                      size="medium"
                    />
                    <CardSelectorstyle__Text
                      data-di-mask="true"
                      size="medium"
                    >
                      28986434
                    </CardSelectorstyle__Text>
                  </CardSelectorstyle__CardBox>
                  <CardSelectorstyle__CardSelectorIconContainer>
                    <DecorativeIcon
                      size={24}
                      symbol="chevron"
                      variant="secondary"
                    />
                  </CardSelectorstyle__CardSelectorIconContainer>
                </CardSelectorstyle__CardBox>
              </CardSelectorstyle__CardSelectorContainer>
            </CardSelectorstyle__PaddedDiv>
          </CardSelectorstyle__Col>
        </CardSelectorstyle__Row>
        <CardSelectorstyle__Row
          key="account-9"
        >
          <CardSelectorstyle__Col
            key="account-9-0"
            lg={5}
            md={6}
            xl={4}
            xs={12}
          >
            <CardSelectorstyle__PaddedDiv
              leftPad={false}
              rightPad={true}
            >
              <CardSelectorstyle__CardSelectorContainer
                data-test="card-selector-container"
                onClick={[Function]}
              >
                <CardSelectorstyle__CardBox
                  inset={2}
                >
                  <CardSelectorstyle__CardBox>
                    <CardSelectorstyle__Text
                      data-di-mask="true"
                      size="medium"
                    />
                    <CardSelectorstyle__Text
                      data-di-mask="true"
                      size="medium"
                    >
                      28986434
                    </CardSelectorstyle__Text>
                  </CardSelectorstyle__CardBox>
                  <CardSelectorstyle__CardSelectorIconContainer>
                    <DecorativeIcon
                      size={24}
                      symbol="chevron"
                      variant="secondary"
                    />
                  </CardSelectorstyle__CardSelectorIconContainer>
                </CardSelectorstyle__CardBox>
              </CardSelectorstyle__CardSelectorContainer>
            </CardSelectorstyle__PaddedDiv>
          </CardSelectorstyle__Col>
          <CardSelectorstyle__Col
            key="account-9-1"
            lg={5}
            md={6}
            xl={4}
            xs={12}
          >
            <CardSelectorstyle__PaddedDiv
              leftPad={true}
              rightPad={false}
            >
              <CardSelectorstyle__CardSelectorContainer
                data-test="card-selector-container"
                onClick={[Function]}
              >
                <CardSelectorstyle__CardBox
                  inset={2}
                >
                  <CardSelectorstyle__CardBox>
                    <CardSelectorstyle__Text
                      data-di-mask="true"
                      size="medium"
                    />
                    <CardSelectorstyle__Text
                      data-di-mask="true"
                      size="medium"
                    >
                      28986434
                    </CardSelectorstyle__Text>
                  </CardSelectorstyle__CardBox>
                  <CardSelectorstyle__CardSelectorIconContainer>
                    <DecorativeIcon
                      size={24}
                      symbol="chevron"
                      variant="secondary"
                    />
                  </CardSelectorstyle__CardSelectorIconContainer>
                </CardSelectorstyle__CardBox>
              </CardSelectorstyle__CardSelectorContainer>
            </CardSelectorstyle__PaddedDiv>
          </CardSelectorstyle__Col>
        </CardSelectorstyle__Row>
      </CardSelectorstyle__CardBox>
    </Panel>
    <Panel
      key="accounts-panel-2"
    >
      <CardSelectorstyle__CardBox>
        <CardSelectorstyle__Row
          key="account-10"
        >
          <CardSelectorstyle__Col
            key="account-10-0"
            lg={5}
            md={6}
            xl={4}
            xs={12}
          >
            <CardSelectorstyle__PaddedDiv
              leftPad={false}
              rightPad={true}
            >
              <CardSelectorstyle__CardSelectorContainer
                data-test="card-selector-container"
                onClick={[Function]}
              >
                <CardSelectorstyle__CardBox
                  inset={2}
                >
                  <CardSelectorstyle__CardBox>
                    <CardSelectorstyle__Text
                      data-di-mask="true"
                      size="medium"
                    />
                    <CardSelectorstyle__Text
                      data-di-mask="true"
                      size="medium"
                    >
                      28986434
                    </CardSelectorstyle__Text>
                  </CardSelectorstyle__CardBox>
                  <CardSelectorstyle__CardSelectorIconContainer>
                    <DecorativeIcon
                      size={24}
                      symbol="chevron"
                      variant="secondary"
                    />
                  </CardSelectorstyle__CardSelectorIconContainer>
                </CardSelectorstyle__CardBox>
              </CardSelectorstyle__CardSelectorContainer>
            </CardSelectorstyle__PaddedDiv>
          </CardSelectorstyle__Col>
          <CardSelectorstyle__Col
            key="account-10-1"
            lg={5}
            md={6}
            xl={4}
            xs={12}
          >
            <CardSelectorstyle__PaddedDiv
              leftPad={true}
              rightPad={false}
            >
              <CardSelectorstyle__CardSelectorContainer
                data-test="card-selector-container"
                onClick={[Function]}
              >
                <CardSelectorstyle__CardBox
                  inset={2}
                >
                  <CardSelectorstyle__CardBox>
                    <CardSelectorstyle__Text
                      data-di-mask="true"
                      size="medium"
                    />
                    <CardSelectorstyle__Text
                      data-di-mask="true"
                      size="medium"
                    >
                      28986434
                    </CardSelectorstyle__Text>
                  </CardSelectorstyle__CardBox>
                  <CardSelectorstyle__CardSelectorIconContainer>
                    <DecorativeIcon
                      size={24}
                      symbol="chevron"
                      variant="secondary"
                    />
                  </CardSelectorstyle__CardSelectorIconContainer>
                </CardSelectorstyle__CardBox>
              </CardSelectorstyle__CardSelectorContainer>
            </CardSelectorstyle__PaddedDiv>
          </CardSelectorstyle__Col>
        </CardSelectorstyle__Row>
        <CardSelectorstyle__Row
          key="account-11"
        >
          <CardSelectorstyle__Col
            key="account-11-0"
            lg={5}
            md={6}
            xl={4}
            xs={12}
          >
            <CardSelectorstyle__PaddedDiv
              leftPad={false}
              rightPad={true}
            >
              <CardSelectorstyle__CardSelectorContainer
                data-test="card-selector-container"
                onClick={[Function]}
              >
                <CardSelectorstyle__CardBox
                  inset={2}
                >
                  <CardSelectorstyle__CardBox>
                    <CardSelectorstyle__Text
                      data-di-mask="true"
                      size="medium"
                    />
                    <CardSelectorstyle__Text
                      data-di-mask="true"
                      size="medium"
                    >
                      28986434
                    </CardSelectorstyle__Text>
                  </CardSelectorstyle__CardBox>
                  <CardSelectorstyle__CardSelectorIconContainer>
                    <DecorativeIcon
                      size={24}
                      symbol="chevron"
                      variant="secondary"
                    />
                  </CardSelectorstyle__CardSelectorIconContainer>
                </CardSelectorstyle__CardBox>
              </CardSelectorstyle__CardSelectorContainer>
            </CardSelectorstyle__PaddedDiv>
          </CardSelectorstyle__Col>
          <CardSelectorstyle__Col
            key="account-11-1"
            lg={5}
            md={6}
            xl={4}
            xs={12}
          >
            <CardSelectorstyle__PaddedDiv
              leftPad={true}
              rightPad={false}
            >
              <CardSelectorstyle__CardSelectorContainer
                data-test="card-selector-container"
                onClick={[Function]}
              >
                <CardSelectorstyle__CardBox
                  inset={2}
                >
                  <CardSelectorstyle__CardBox>
                    <CardSelectorstyle__Text
                      data-di-mask="true"
                      size="medium"
                    />
                    <CardSelectorstyle__Text
                      data-di-mask="true"
                      size="medium"
                    >
                      28986434
                    </CardSelectorstyle__Text>
                  </CardSelectorstyle__CardBox>
                  <CardSelectorstyle__CardSelectorIconContainer>
                    <DecorativeIcon
                      size={24}
                      symbol="chevron"
                      variant="secondary"
                    />
                  </CardSelectorstyle__CardSelectorIconContainer>
                </CardSelectorstyle__CardBox>
              </CardSelectorstyle__CardSelectorContainer>
            </CardSelectorstyle__PaddedDiv>
          </CardSelectorstyle__Col>
        </CardSelectorstyle__Row>
        <CardSelectorstyle__Row
          key="account-12"
        >
          <CardSelectorstyle__Col
            key="account-12-0"
            lg={5}
            md={6}
            xl={4}
            xs={12}
          >
            <CardSelectorstyle__PaddedDiv
              leftPad={false}
              rightPad={true}
            >
              <CardSelectorstyle__CardSelectorContainer
                data-test="card-selector-container"
                onClick={[Function]}
              >
                <CardSelectorstyle__CardBox
                  inset={2}
                >
                  <CardSelectorstyle__CardBox>
                    <CardSelectorstyle__Text
                      data-di-mask="true"
                      size="medium"
                    />
                    <CardSelectorstyle__Text
                      data-di-mask="true"
                      size="medium"
                    >
                      28986434
                    </CardSelectorstyle__Text>
                  </CardSelectorstyle__CardBox>
                  <CardSelectorstyle__CardSelectorIconContainer>
                    <DecorativeIcon
                      size={24}
                      symbol="chevron"
                      variant="secondary"
                    />
                  </CardSelectorstyle__CardSelectorIconContainer>
                </CardSelectorstyle__CardBox>
              </CardSelectorstyle__CardSelectorContainer>
            </CardSelectorstyle__PaddedDiv>
          </CardSelectorstyle__Col>
          <CardSelectorstyle__Col
            key="account-12-1"
            lg={5}
            md={6}
            xl={4}
            xs={12}
          >
            <CardSelectorstyle__PaddedDiv
              leftPad={true}
              rightPad={false}
            >
              <CardSelectorstyle__CardSelectorContainer
                data-test="card-selector-container"
                onClick={[Function]}
              >
                <CardSelectorstyle__CardBox
                  inset={2}
                >
                  <CardSelectorstyle__CardBox>
                    <CardSelectorstyle__Text
                      data-di-mask="true"
                      size="medium"
                    />
                    <CardSelectorstyle__Text
                      data-di-mask="true"
                      size="medium"
                    >
                      28986434
                    </CardSelectorstyle__Text>
                  </CardSelectorstyle__CardBox>
                  <CardSelectorstyle__CardSelectorIconContainer>
                    <DecorativeIcon
                      size={24}
                      symbol="chevron"
                      variant="secondary"
                    />
                  </CardSelectorstyle__CardSelectorIconContainer>
                </CardSelectorstyle__CardBox>
              </CardSelectorstyle__CardSelectorContainer>
            </CardSelectorstyle__PaddedDiv>
          </CardSelectorstyle__Col>
        </CardSelectorstyle__Row>
        <CardSelectorstyle__Row
          key="account-13"
        >
          <CardSelectorstyle__Col
            key="account-13-0"
            lg={5}
            md={6}
            xl={4}
            xs={12}
          >
            <CardSelectorstyle__PaddedDiv
              leftPad={false}
              rightPad={true}
            >
              <CardSelectorstyle__CardSelectorContainer
                data-test="card-selector-container"
                onClick={[Function]}
              >
                <CardSelectorstyle__CardBox
                  inset={2}
                >
                  <CardSelectorstyle__CardBox>
                    <CardSelectorstyle__Text
                      data-di-mask="true"
                      size="medium"
                    />
                    <CardSelectorstyle__Text
                      data-di-mask="true"
                      size="medium"
                    >
                      28986434
                    </CardSelectorstyle__Text>
                  </CardSelectorstyle__CardBox>
                  <CardSelectorstyle__CardSelectorIconContainer>
                    <DecorativeIcon
                      size={24}
                      symbol="chevron"
                      variant="secondary"
                    />
                  </CardSelectorstyle__CardSelectorIconContainer>
                </CardSelectorstyle__CardBox>
              </CardSelectorstyle__CardSelectorContainer>
            </CardSelectorstyle__PaddedDiv>
          </CardSelectorstyle__Col>
          <CardSelectorstyle__Col
            key="account-13-1"
            lg={5}
            md={6}
            xl={4}
            xs={12}
          >
            <CardSelectorstyle__PaddedDiv
              leftPad={true}
              rightPad={false}
            >
              <CardSelectorstyle__CardSelectorContainer
                data-test="card-selector-container"
                onClick={[Function]}
              >
                <CardSelectorstyle__CardBox
                  inset={2}
                >
                  <CardSelectorstyle__CardBox>
                    <CardSelectorstyle__Text
                      data-di-mask="true"
                      size="medium"
                    />
                    <CardSelectorstyle__Text
                      data-di-mask="true"
                      size="medium"
                    >
                      28986434
                    </CardSelectorstyle__Text>
                  </CardSelectorstyle__CardBox>
                  <CardSelectorstyle__CardSelectorIconContainer>
                    <DecorativeIcon
                      size={24}
                      symbol="chevron"
                      variant="secondary"
                    />
                  </CardSelectorstyle__CardSelectorIconContainer>
                </CardSelectorstyle__CardBox>
              </CardSelectorstyle__CardSelectorContainer>
            </CardSelectorstyle__PaddedDiv>
          </CardSelectorstyle__Col>
        </CardSelectorstyle__Row>
        <CardSelectorstyle__Row
          key="account-14"
        >
          <CardSelectorstyle__Col
            key="account-14-0"
            lg={5}
            md={6}
            xl={4}
            xs={12}
          >
            <CardSelectorstyle__PaddedDiv
              leftPad={false}
              rightPad={true}
            >
              <CardSelectorstyle__CardSelectorContainer
                data-test="card-selector-container"
                onClick={[Function]}
              >
                <CardSelectorstyle__CardBox
                  inset={2}
                >
                  <CardSelectorstyle__CardBox>
                    <CardSelectorstyle__Text
                      data-di-mask="true"
                      size="medium"
                    />
                    <CardSelectorstyle__Text
                      data-di-mask="true"
                      size="medium"
                    >
                      28986434
                    </CardSelectorstyle__Text>
                  </CardSelectorstyle__CardBox>
                  <CardSelectorstyle__CardSelectorIconContainer>
                    <DecorativeIcon
                      size={24}
                      symbol="chevron"
                      variant="secondary"
                    />
                  </CardSelectorstyle__CardSelectorIconContainer>
                </CardSelectorstyle__CardBox>
              </CardSelectorstyle__CardSelectorContainer>
            </CardSelectorstyle__PaddedDiv>
          </CardSelectorstyle__Col>
          <CardSelectorstyle__Col
            key="account-14-1"
            lg={5}
            md={6}
            xl={4}
            xs={12}
          >
            <CardSelectorstyle__PaddedDiv
              leftPad={true}
              rightPad={false}
            >
              <CardSelectorstyle__CardSelectorContainer
                data-test="card-selector-container"
                onClick={[Function]}
              >
                <CardSelectorstyle__CardBox
                  inset={2}
                >
                  <CardSelectorstyle__CardBox>
                    <CardSelectorstyle__Text
                      data-di-mask="true"
                      size="medium"
                    />
                    <CardSelectorstyle__Text
                      data-di-mask="true"
                      size="medium"
                    >
                      28986434
                    </CardSelectorstyle__Text>
                  </CardSelectorstyle__CardBox>
                  <CardSelectorstyle__CardSelectorIconContainer>
                    <DecorativeIcon
                      size={24}
                      symbol="chevron"
                      variant="secondary"
                    />
                  </CardSelectorstyle__CardSelectorIconContainer>
                </CardSelectorstyle__CardBox>
              </CardSelectorstyle__CardSelectorContainer>
            </CardSelectorstyle__PaddedDiv>
          </CardSelectorstyle__Col>
        </CardSelectorstyle__Row>
      </CardSelectorstyle__CardBox>
    </Panel>
    <Panel
      key="accounts-panel-3"
    >
      <CardSelectorstyle__CardBox>
        <CardSelectorstyle__Row
          key="account-15"
        >
          <CardSelectorstyle__Col
            key="account-15-0"
            lg={5}
            md={6}
            xl={4}
            xs={12}
          >
            <CardSelectorstyle__PaddedDiv
              leftPad={false}
              rightPad={true}
            >
              <CardSelectorstyle__CardSelectorContainer
                data-test="card-selector-container"
                onClick={[Function]}
              >
                <CardSelectorstyle__CardBox
                  inset={2}
                >
                  <CardSelectorstyle__CardBox>
                    <CardSelectorstyle__Text
                      data-di-mask="true"
                      size="medium"
                    />
                    <CardSelectorstyle__Text
                      data-di-mask="true"
                      size="medium"
                    >
                      28986434
                    </CardSelectorstyle__Text>
                  </CardSelectorstyle__CardBox>
                  <CardSelectorstyle__CardSelectorIconContainer>
                    <DecorativeIcon
                      size={24}
                      symbol="chevron"
                      variant="secondary"
                    />
                  </CardSelectorstyle__CardSelectorIconContainer>
                </CardSelectorstyle__CardBox>
              </CardSelectorstyle__CardSelectorContainer>
            </CardSelectorstyle__PaddedDiv>
          </CardSelectorstyle__Col>
          <CardSelectorstyle__Col
            key="account-15-1"
            lg={5}
            md={6}
            xl={4}
            xs={12}
          >
            <CardSelectorstyle__PaddedDiv
              leftPad={true}
              rightPad={false}
            >
              <CardSelectorstyle__CardSelectorContainer
                data-test="card-selector-container"
                onClick={[Function]}
              >
                <CardSelectorstyle__CardBox
                  inset={2}
                >
                  <CardSelectorstyle__CardBox>
                    <CardSelectorstyle__Text
                      data-di-mask="true"
                      size="medium"
                    />
                    <CardSelectorstyle__Text
                      data-di-mask="true"
                      size="medium"
                    >
                      28986434
                    </CardSelectorstyle__Text>
                  </CardSelectorstyle__CardBox>
                  <CardSelectorstyle__CardSelectorIconContainer>
                    <DecorativeIcon
                      size={24}
                      symbol="chevron"
                      variant="secondary"
                    />
                  </CardSelectorstyle__CardSelectorIconContainer>
                </CardSelectorstyle__CardBox>
              </CardSelectorstyle__CardSelectorContainer>
            </CardSelectorstyle__PaddedDiv>
          </CardSelectorstyle__Col>
        </CardSelectorstyle__Row>
        <CardSelectorstyle__Row
          key="account-16"
        >
          <CardSelectorstyle__Col
            key="account-16-0"
            lg={5}
            md={6}
            xl={4}
            xs={12}
          >
            <CardSelectorstyle__PaddedDiv
              leftPad={false}
              rightPad={true}
            >
              <CardSelectorstyle__CardSelectorContainer
                data-test="card-selector-container"
                onClick={[Function]}
              >
                <CardSelectorstyle__CardBox
                  inset={2}
                >
                  <CardSelectorstyle__CardBox>
                    <CardSelectorstyle__Text
                      data-di-mask="true"
                      size="medium"
                    />
                    <CardSelectorstyle__Text
                      data-di-mask="true"
                      size="medium"
                    >
                      28986434
                    </CardSelectorstyle__Text>
                  </CardSelectorstyle__CardBox>
                  <CardSelectorstyle__CardSelectorIconContainer>
                    <DecorativeIcon
                      size={24}
                      symbol="chevron"
                      variant="secondary"
                    />
                  </CardSelectorstyle__CardSelectorIconContainer>
                </CardSelectorstyle__CardBox>
              </CardSelectorstyle__CardSelectorContainer>
            </CardSelectorstyle__PaddedDiv>
          </CardSelectorstyle__Col>
          <CardSelectorstyle__Col
            key="account-16-1"
            lg={5}
            md={6}
            xl={4}
            xs={12}
          >
            <CardSelectorstyle__PaddedDiv
              leftPad={true}
              rightPad={false}
            >
              <CardSelectorstyle__CardSelectorContainer
                data-test="card-selector-container"
                onClick={[Function]}
              >
                <CardSelectorstyle__CardBox
                  inset={2}
                >
                  <CardSelectorstyle__CardBox>
                    <CardSelectorstyle__Text
                      data-di-mask="true"
                      size="medium"
                    />
                    <CardSelectorstyle__Text
                      data-di-mask="true"
                      size="medium"
                    >
                      28986434
                    </CardSelectorstyle__Text>
                  </CardSelectorstyle__CardBox>
                  <CardSelectorstyle__CardSelectorIconContainer>
                    <DecorativeIcon
                      size={24}
                      symbol="chevron"
                      variant="secondary"
                    />
                  </CardSelectorstyle__CardSelectorIconContainer>
                </CardSelectorstyle__CardBox>
              </CardSelectorstyle__CardSelectorContainer>
            </CardSelectorstyle__PaddedDiv>
          </CardSelectorstyle__Col>
        </CardSelectorstyle__Row>
        <CardSelectorstyle__Row
          key="account-17"
        >
          <CardSelectorstyle__Col
            key="account-17-0"
            lg={5}
            md={6}
            xl={4}
            xs={12}
          >
            <CardSelectorstyle__PaddedDiv
              leftPad={false}
              rightPad={true}
            >
              <CardSelectorstyle__CardSelectorContainer
                data-test="card-selector-container"
                onClick={[Function]}
              >
                <CardSelectorstyle__CardBox
                  inset={2}
                >
                  <CardSelectorstyle__CardBox>
                    <CardSelectorstyle__Text
                      data-di-mask="true"
                      size="medium"
                    />
                    <CardSelectorstyle__Text
                      data-di-mask="true"
                      size="medium"
                    >
                      28986434
                    </CardSelectorstyle__Text>
                  </CardSelectorstyle__CardBox>
                  <CardSelectorstyle__CardSelectorIconContainer>
                    <DecorativeIcon
                      size={24}
                      symbol="chevron"
                      variant="secondary"
                    />
                  </CardSelectorstyle__CardSelectorIconContainer>
                </CardSelectorstyle__CardBox>
              </CardSelectorstyle__CardSelectorContainer>
            </CardSelectorstyle__PaddedDiv>
          </CardSelectorstyle__Col>
          <CardSelectorstyle__Col
            key="account-17-1"
            lg={5}
            md={6}
            xl={4}
            xs={12}
          >
            <CardSelectorstyle__PaddedDiv
              leftPad={true}
              rightPad={false}
            >
              <CardSelectorstyle__CardSelectorContainer
                data-test="card-selector-container"
                onClick={[Function]}
              >
                <CardSelectorstyle__CardBox
                  inset={2}
                >
                  <CardSelectorstyle__CardBox>
                    <CardSelectorstyle__Text
                      data-di-mask="true"
                      size="medium"
                    />
                    <CardSelectorstyle__Text
                      data-di-mask="true"
                      size="medium"
                    >
                      28986434
                    </CardSelectorstyle__Text>
                  </CardSelectorstyle__CardBox>
                  <CardSelectorstyle__CardSelectorIconContainer>
                    <DecorativeIcon
                      size={24}
                      symbol="chevron"
                      variant="secondary"
                    />
                  </CardSelectorstyle__CardSelectorIconContainer>
                </CardSelectorstyle__CardBox>
              </CardSelectorstyle__CardSelectorContainer>
            </CardSelectorstyle__PaddedDiv>
          </CardSelectorstyle__Col>
        </CardSelectorstyle__Row>
        <CardSelectorstyle__Row
          key="account-18"
        >
          <CardSelectorstyle__Col
            key="account-18-0"
            lg={5}
            md={6}
            xl={4}
            xs={12}
          >
            <CardSelectorstyle__PaddedDiv
              leftPad={false}
              rightPad={true}
            >
              <CardSelectorstyle__CardSelectorContainer
                data-test="card-selector-container"
                onClick={[Function]}
              >
                <CardSelectorstyle__CardBox
                  inset={2}
                >
                  <CardSelectorstyle__CardBox>
                    <CardSelectorstyle__Text
                      data-di-mask="true"
                      size="medium"
                    />
                    <CardSelectorstyle__Text
                      data-di-mask="true"
                      size="medium"
                    >
                      28986434
                    </CardSelectorstyle__Text>
                  </CardSelectorstyle__CardBox>
                  <CardSelectorstyle__CardSelectorIconContainer>
                    <DecorativeIcon
                      size={24}
                      symbol="chevron"
                      variant="secondary"
                    />
                  </CardSelectorstyle__CardSelectorIconContainer>
                </CardSelectorstyle__CardBox>
              </CardSelectorstyle__CardSelectorContainer>
            </CardSelectorstyle__PaddedDiv>
          </CardSelectorstyle__Col>
          <CardSelectorstyle__Col
            key="account-18-1"
            lg={5}
            md={6}
            xl={4}
            xs={12}
          >
            <CardSelectorstyle__PaddedDiv
              leftPad={true}
              rightPad={false}
            >
              <CardSelectorstyle__CardSelectorContainer
                data-test="card-selector-container"
                onClick={[Function]}
              >
                <CardSelectorstyle__CardBox
                  inset={2}
                >
                  <CardSelectorstyle__CardBox>
                    <CardSelectorstyle__Text
                      data-di-mask="true"
                      size="medium"
                    />
                    <CardSelectorstyle__Text
                      data-di-mask="true"
                      size="medium"
                    >
                      28986434
                    </CardSelectorstyle__Text>
                  </CardSelectorstyle__CardBox>
                  <CardSelectorstyle__CardSelectorIconContainer>
                    <DecorativeIcon
                      size={24}
                      symbol="chevron"
                      variant="secondary"
                    />
                  </CardSelectorstyle__CardSelectorIconContainer>
                </CardSelectorstyle__CardBox>
              </CardSelectorstyle__CardSelectorContainer>
            </CardSelectorstyle__PaddedDiv>
          </CardSelectorstyle__Col>
        </CardSelectorstyle__Row>
        <CardSelectorstyle__Row
          key="account-19"
        >
          <CardSelectorstyle__Col
            key="account-19-0"
            lg={5}
            md={6}
            xl={4}
            xs={12}
          >
            <CardSelectorstyle__PaddedDiv
              leftPad={false}
              rightPad={true}
            >
              <CardSelectorstyle__CardSelectorContainer
                data-test="card-selector-container"
                onClick={[Function]}
              >
                <CardSelectorstyle__CardBox
                  inset={2}
                >
                  <CardSelectorstyle__CardBox>
                    <CardSelectorstyle__Text
                      data-di-mask="true"
                      size="medium"
                    />
                    <CardSelectorstyle__Text
                      data-di-mask="true"
                      size="medium"
                    >
                      28986434
                    </CardSelectorstyle__Text>
                  </CardSelectorstyle__CardBox>
                  <CardSelectorstyle__CardSelectorIconContainer>
                    <DecorativeIcon
                      size={24}
                      symbol="chevron"
                      variant="secondary"
                    />
                  </CardSelectorstyle__CardSelectorIconContainer>
                </CardSelectorstyle__CardBox>
              </CardSelectorstyle__CardSelectorContainer>
            </CardSelectorstyle__PaddedDiv>
          </CardSelectorstyle__Col>
          <CardSelectorstyle__Col
            key="account-19-1"
            lg={5}
            md={6}
            xl={4}
            xs={12}
          >
            <CardSelectorstyle__PaddedDiv
              leftPad={true}
              rightPad={false}
            >
              <CardSelectorstyle__CardSelectorContainer
                data-test="card-selector-container"
                onClick={[Function]}
              >
                <CardSelectorstyle__CardBox
                  inset={2}
                >
                  <CardSelectorstyle__CardBox>
                    <CardSelectorstyle__Text
                      data-di-mask="true"
                      size="medium"
                    />
                    <CardSelectorstyle__Text
                      data-di-mask="true"
                      size="medium"
                    >
                      28986434
                    </CardSelectorstyle__Text>
                  </CardSelectorstyle__CardBox>
                  <CardSelectorstyle__CardSelectorIconContainer>
                    <DecorativeIcon
                      size={24}
                      symbol="chevron"
                      variant="secondary"
                    />
                  </CardSelectorstyle__CardSelectorIconContainer>
                </CardSelectorstyle__CardBox>
              </CardSelectorstyle__CardSelectorContainer>
            </CardSelectorstyle__PaddedDiv>
          </CardSelectorstyle__Col>
        </CardSelectorstyle__Row>
      </CardSelectorstyle__CardBox>
    </Panel>
  </Pagination>
</Fragment>
`;
