// Jest Snapshot v1, https://goo.gl/fbAQLP

exports[`Selected Account Component renders 1`] = `
<style__Box
  horizontal={2}
  vertical={3}
>
  <style__Box
    style={
      Object {
        "paddingBottom": "0.5rem",
      }
    }
  >
    <style__Text
      data-test="current-selected-account-text"
      size="small"
    >
      You currently have this account selected.
    </style__Text>
  </style__Box>
  <Responsive
    minWidth="md"
    query={Object {}}
  >
    <Component />
  </Responsive>
  <style__Box
    vertical={2}
  >
    <style__Text
      data-test="selected-Account"
      size="medium"
    >
      Account | 2 subscribers
    </style__Text>
  </style__Box>
</style__Box>
`;
